// Jest Snapshot v1, https://jestjs.io/docs/snapshot-testing

exports[`StartupOps Phase 1 applyUpdates() 1: Apply updates without waiting 1`] = `true`;

exports[`StartupOps Phase 1 applyUpdates() 2: Apply updates during tenant restart 1`] = `false`;

exports[`StartupOps Phase 1 checkForUpdates() 1: Check for updates 1`] = `
{
  "secrets": [],
  "variables": [],
}
`;

exports[`StartupOps Phase 1 getStatus() 1: Get restart status 1`] = `"ready"`;


exports[`StartupOps Phase 2 applyUpdates() 1: Apply updates and wait for completion 1`] = `true`;

exports[`StartupOps Phase 2 checkForUpdates() 1: Check for updates 1`] = `
{
  "secrets": [],
  "variables": [],
}
`;

exports[`StartupOps Phase 2 getStatus() 1: Get restart status 1`] = `"ready"`;
