// Jest Snapshot v1, https://jestjs.io/docs/snapshot-testing

exports[`StartupOps applyUpdates() 1: Apply updates without waiting 1`] = `true`;

exports[`StartupOps applyUpdates() 2: Apply updates and wait for completion 1`] = `false`;

exports[`StartupOps checkForUpdates() 1: Check for updates 1`] = `
{
  "secrets": [],
  "variables": [],
}
`;

exports[`StartupOps getStatus() 1: Get restart status 1`] = `"ready"`;
